 count 
-------
     0
(1 row)

 count 
-------
     2
(1 row)

 count 
-------
     1
(1 row)

 count 
-------
     2
(1 row)

 count 
-------
     1
(1 row)

 count 
-------
     2
(1 row)

 count 
-------
     1
(1 row)

 count 
-------
     0
(1 row)

 count 
-------
     0
(1 row)

 count 
-------
     1
(1 row)

 count 
-------
     3
(1 row)

 count 
-------
     0
(1 row)

 count 
-------
     0
(1 row)

 count 
-------
     0
(1 row)

 count 
-------
     0
(1 row)

 count 
-------
     4
(1 row)

 count 
-------
     0
(1 row)

 count 
-------
     0
(1 row)

 count 
-------
     1
(1 row)

 count 
-------
     2
(1 row)

 count 
-------
     0
(1 row)

 count 
-------
     2
(1 row)

 count 
-------
     0
(1 row)

 count 
-------
     1
(1 row)

 count 
-------
     0
(1 row)

 count 
-------
     1
(1 row)

 count 
-------
     1
(1 row)

 count 
-------
     0
(1 row)

 count 
-------
     1
(1 row)

 count 
-------
     0
(1 row)

 count 
-------
     2
(1 row)

 count 
-------
     1
(1 row)

 count 
-------
     1
(1 row)

 count 
-------
     1
(1 row)

 count 
-------
     0
(1 row)

 count 
-------
     1
(1 row)

 count 
-------
     0
(1 row)

 count 
-------
     3
(1 row)

 count 
-------
     0
(1 row)

 count 
-------
     0
(1 row)

 count 
-------
     0
(1 row)

 count 
-------
     2
(1 row)

 count 
-------
     0
(1 row)

 count 
-------
     1
(1 row)

 count 
-------
     2
(1 row)

 count 
-------
     1
(1 row)

 count 
-------
     1
(1 row)

 count 
-------
     0
(1 row)

 count 
-------
     2
(1 row)

 count 
-------
     0
(1 row)

 count 
-------
     0
(1 row)

 count 
-------
     0
(1 row)

 count 
-------
     0
(1 row)

 count 
-------
     0
(1 row)

 count 
-------
     1
(1 row)

 count 
-------
     2
(1 row)

 count 
-------
     3
(1 row)

 count 
-------
     0
(1 row)

 count 
-------
     1
(1 row)

 count 
-------
     0
(1 row)

 count 
-------
     0
(1 row)

 count 
-------
     1
(1 row)

 count 
-------
     1
(1 row)

 count 
-------
     0
(1 row)

 count 
-------
     0
(1 row)

 count 
-------
     0
(1 row)

 count 
-------
     0
(1 row)

 count 
-------
     1
(1 row)

 count 
-------
     1
(1 row)

 count 
-------
     2
(1 row)

 count 
-------
     0
(1 row)

 count 
-------
     0
(1 row)

 count 
-------
     0
(1 row)

 count 
-------
     0
(1 row)

 count 
-------
     2
(1 row)

 count 
-------
     0
(1 row)

 count 
-------
     1
(1 row)

 count 
-------
     1
(1 row)

 count 
-------
     1
(1 row)

 count 
-------
     2
(1 row)

 count 
-------
     0
(1 row)

 count 
-------
     0
(1 row)

 count 
-------
     0
(1 row)

 count 
-------
     1
(1 row)

 count 
-------
     0
(1 row)

 count 
-------
     3
(1 row)

 count 
-------
     1
(1 row)

 count 
-------
     1
(1 row)

 count 
-------
     0
(1 row)

 count 
-------
     0
(1 row)

 count 
-------
     0
(1 row)

 count 
-------
     1
(1 row)

 count 
-------
     2
(1 row)

 count 
-------
     1
(1 row)

 count 
-------
     0
(1 row)

 count 
-------
     0
(1 row)

 count 
-------
     1
(1 row)

 count 
-------
     2
(1 row)

 count 
-------
     1
(1 row)

 count 
-------
     0
(1 row)

 count 
-------
     0
(1 row)

 count 
-------
     1
(1 row)

 count 
-------
     1
(1 row)

 count 
-------
    10
(1 row)

 count 
-------
     5
(1 row)

 count 
-------
     3
(1 row)

 count 
-------
     5
(1 row)

 count 
-------
     2
(1 row)

 count 
-------
     2
(1 row)

 count 
-------
     2
(1 row)

 count 
-------
     7
(1 row)

 count 
-------
     3
(1 row)

 count 
-------
     4
(1 row)

 count 
-------
     5
(1 row)

 count 
-------
     3
(1 row)

 count 
-------
     5
(1 row)

 count 
-------
     2
(1 row)

 count 
-------
     2
(1 row)

 count 
-------
     2
(1 row)

 count 
-------
     3
(1 row)

 count 
-------
     5
(1 row)

 count 
-------
     6
(1 row)

 count 
-------
     3
(1 row)

 count 
-------
     0
(1 row)

 count 
-------
     1
(1 row)

 count 
-------
     6
(1 row)

 count 
-------
     3
(1 row)

 count 
-------
     2
(1 row)

 count 
-------
     0
(1 row)

 count 
-------
     5
(1 row)

 count 
-------
     4
(1 row)

 count 
-------
     6
(1 row)

 count 
-------
     2
(1 row)

 count 
-------
     0
(1 row)

 count 
-------
     6
(1 row)

 count 
-------
     1
(1 row)

 count 
-------
     2
(1 row)

 count 
-------
     3
(1 row)

 count 
-------
     2
(1 row)

 count 
-------
     5
(1 row)

 count 
-------
     3
(1 row)

 count 
-------
     4
(1 row)

 count 
-------
     4
(1 row)

 count 
-------
     0
(1 row)

 count 
-------
     5
(1 row)

 count 
-------
     3
(1 row)

 count 
-------
     2
(1 row)

 count 
-------
     4
(1 row)

 count 
-------
     2
(1 row)

 count 
-------
     4
(1 row)

 count 
-------
     5
(1 row)

 count 
-------
     4
(1 row)

 count 
-------
     6
(1 row)

 count 
-------
     6
(1 row)

 count 
-------
     4
(1 row)

 count 
-------
     3
(1 row)

 count 
-------
     5
(1 row)

 count 
-------
     1
(1 row)

 count 
-------
     3
(1 row)

 count 
-------
     6
(1 row)

 count 
-------
     5
(1 row)

 count 
-------
     5
(1 row)

 count 
-------
     3
(1 row)

 count 
-------
     2
(1 row)

 count 
-------
     1
(1 row)

 count 
-------
     4
(1 row)

 count 
-------
     2
(1 row)

 count 
-------
     4
(1 row)

 count 
-------
     3
(1 row)

 count 
-------
     1
(1 row)

 count 
-------
     0
(1 row)

 count 
-------
     2
(1 row)

 count 
-------
     5
(1 row)

 count 
-------
     1
(1 row)

 count 
-------
     2
(1 row)

 count 
-------
     1
(1 row)

 count 
-------
     2
(1 row)

 count 
-------
     5
(1 row)

 count 
-------
     4
(1 row)

 count 
-------
     2
(1 row)

 count 
-------
     4
(1 row)

 count 
-------
     2
(1 row)

 count 
-------
     2
(1 row)

 count 
-------
     4
(1 row)

 count 
-------
     6
(1 row)

 count 
-------
     1
(1 row)

 count 
-------
     4
(1 row)

 count 
-------
     2
(1 row)

 count 
-------
     6
(1 row)

 count 
-------
     3
(1 row)

 count 
-------
     3
(1 row)

 count 
-------
     3
(1 row)

 count 
-------
     3
(1 row)

 count 
-------
     7
(1 row)

 count 
-------
     5
(1 row)

 count 
-------
     5
(1 row)

 count 
-------
     1
(1 row)

 count 
-------
     5
(1 row)

 count 
-------
     2
(1 row)

 count 
-------
     3
(1 row)

 count 
-------
    10
(1 row)

 count 
-------
     7
(1 row)

 count 
-------
    18
(1 row)

 count 
-------
    12
(1 row)

 count 
-------
    10
(1 row)

 count 
-------
    11
(1 row)

 count 
-------
    17
(1 row)

 count 
-------
    16
(1 row)

 count 
-------
    14
(1 row)

 count 
-------
    11
(1 row)

 count 
-------
    16
(1 row)

 count 
-------
    11
(1 row)

 count 
-------
    16
(1 row)

 count 
-------
    12
(1 row)

 count 
-------
    12
(1 row)

 count 
-------
    11
(1 row)

 count 
-------
     8
(1 row)

 count 
-------
    12
(1 row)

 count 
-------
    12
(1 row)

 count 
-------
    12
(1 row)

 count 
-------
    11
(1 row)

 count 
-------
     9
(1 row)

 count 
-------
    21
(1 row)

 count 
-------
    12
(1 row)

 count 
-------
     8
(1 row)

 count 
-------
     9
(1 row)

 count 
-------
    15
(1 row)

 count 
-------
     9
(1 row)

 count 
-------
    10
(1 row)

 count 
-------
    14
(1 row)

 count 
-------
     9
(1 row)

 count 
-------
    13
(1 row)

 count 
-------
    10
(1 row)

 count 
-------
    12
(1 row)

 count 
-------
    14
(1 row)

 count 
-------
    10
(1 row)

 count 
-------
     7
(1 row)

 count 
-------
    19
(1 row)

 count 
-------
    16
(1 row)

 count 
-------
    13
(1 row)

 count 
-------
    14
(1 row)

 count 
-------
    12
(1 row)

 count 
-------
    15
(1 row)

 count 
-------
     9
(1 row)

 count 
-------
    15
(1 row)

 count 
-------
    12
(1 row)

 count 
-------
    10
(1 row)

 count 
-------
    12
(1 row)

 count 
-------
    19
(1 row)

 count 
-------
    18
(1 row)

 count 
-------
    19
(1 row)

 count 
-------
    11
(1 row)

 count 
-------
     7
(1 row)

 count 
-------
     9
(1 row)

 count 
-------
    11
(1 row)

 count 
-------
    10
(1 row)

 count 
-------
     6
(1 row)

 count 
-------
     9
(1 row)

 count 
-------
    12
(1 row)

 count 
-------
    18
(1 row)

 count 
-------
    10
(1 row)

 count 
-------
    16
(1 row)

 count 
-------
     9
(1 row)

 count 
-------
     9
(1 row)

 count 
-------
    12
(1 row)

 count 
-------
    14
(1 row)

 count 
-------
    16
(1 row)

 count 
-------
    14
(1 row)

 count 
-------
    16
(1 row)

 count 
-------
     9
(1 row)

 count 
-------
    12
(1 row)

 count 
-------
     6
(1 row)

 count 
-------
    13
(1 row)

 count 
-------
    12
(1 row)

 count 
-------
     7
(1 row)

 count 
-------
    13
(1 row)

 count 
-------
    12
(1 row)

 count 
-------
    13
(1 row)

 count 
-------
     7
(1 row)

 count 
-------
    13
(1 row)

 count 
-------
    14
(1 row)

 count 
-------
    11
(1 row)

 count 
-------
    12
(1 row)

 count 
-------
    11
(1 row)

 count 
-------
    12
(1 row)

 count 
-------
    13
(1 row)

 count 
-------
     7
(1 row)

 count 
-------
    15
(1 row)

 count 
-------
    12
(1 row)

 count 
-------
     5
(1 row)

 count 
-------
    13
(1 row)

 count 
-------
    14
(1 row)

 count 
-------
     7
(1 row)

 count 
-------
    14
(1 row)

 count 
-------
    10
(1 row)

 count 
-------
     9
(1 row)

 count 
-------
    11
(1 row)

 count 
-------
    10
(1 row)

 count 
-------
    11
(1 row)

 count 
-------
    12
(1 row)

 count 
-------
    50
(1 row)

 count 
-------
    58
(1 row)

 count 
-------
    44
(1 row)

 count 
-------
    55
(1 row)

 count 
-------
    52
(1 row)

 count 
-------
    52
(1 row)

 count 
-------
    49
(1 row)

 count 
-------
    45
(1 row)

 count 
-------
    53
(1 row)

 count 
-------
    39
(1 row)

 count 
-------
    48
(1 row)

 count 
-------
    46
(1 row)

 count 
-------
    49
(1 row)

 count 
-------
    51
(1 row)

 count 
-------
    65
(1 row)

 count 
-------
    50
(1 row)

 count 
-------
    48
(1 row)

 count 
-------
    45
(1 row)

 count 
-------
    70
(1 row)

 count 
-------
    58
(1 row)

 count 
-------
    41
(1 row)

 count 
-------
    58
(1 row)

 count 
-------
    51
(1 row)

 count 
-------
    52
(1 row)

 count 
-------
    50
(1 row)

 count 
-------
    44
(1 row)

 count 
-------
    57
(1 row)

 count 
-------
    48
(1 row)

 count 
-------
    49
(1 row)

 count 
-------
    59
(1 row)

 count 
-------
    53
(1 row)

 count 
-------
    49
(1 row)

 count 
-------
    56
(1 row)

 count 
-------
    51
(1 row)

 count 
-------
    32
(1 row)

 count 
-------
    50
(1 row)

 count 
-------
    49
(1 row)

 count 
-------
    40
(1 row)

 count 
-------
    46
(1 row)

 count 
-------
    53
(1 row)

 count 
-------
    56
(1 row)

 count 
-------
    58
(1 row)

 count 
-------
    55
(1 row)

 count 
-------
    49
(1 row)

 count 
-------
    52
(1 row)

 count 
-------
    48
(1 row)

 count 
-------
    49
(1 row)

 count 
-------
    53
(1 row)

 count 
-------
    34
(1 row)

 count 
-------
    43
(1 row)

 count 
-------
    49
(1 row)

 count 
-------
    44
(1 row)

 count 
-------
    56
(1 row)

 count 
-------
    42
(1 row)

 count 
-------
    56
(1 row)

 count 
-------
    48
(1 row)

 count 
-------
    52
(1 row)

 count 
-------
    47
(1 row)

 count 
-------
    50
(1 row)

 count 
-------
    51
(1 row)

 count 
-------
    54
(1 row)

 count 
-------
    31
(1 row)

 count 
-------
    51
(1 row)

 count 
-------
    52
(1 row)

 count 
-------
    54
(1 row)

 count 
-------
    47
(1 row)

 count 
-------
    40
(1 row)

 count 
-------
    57
(1 row)

 count 
-------
    49
(1 row)

 count 
-------
    43
(1 row)

 count 
-------
    45
(1 row)

 count 
-------
    39
(1 row)

 count 
-------
    45
(1 row)

 count 
-------
    47
(1 row)

 count 
-------
    47
(1 row)

 count 
-------
    52
(1 row)

 count 
-------
    50
(1 row)

 count 
-------
    45
(1 row)

 count 
-------
    59
(1 row)

 count 
-------
    56
(1 row)

 count 
-------
    57
(1 row)

 count 
-------
    65
(1 row)

 count 
-------
    50
(1 row)

 count 
-------
    39
(1 row)

 count 
-------
    48
(1 row)

 count 
-------
    51
(1 row)

 count 
-------
    51
(1 row)

 count 
-------
    38
(1 row)

 count 
-------
    43
(1 row)

 count 
-------
    52
(1 row)

 count 
-------
    59
(1 row)

 count 
-------
    44
(1 row)

 count 
-------
    34
(1 row)

 count 
-------
    53
(1 row)

 count 
-------
    49
(1 row)

 count 
-------
    40
(1 row)

 count 
-------
    61
(1 row)

 count 
-------
    45
(1 row)

 count 
-------
    50
(1 row)

 count 
-------
    57
(1 row)

 count 
-------
   204
(1 row)

 count 
-------
   178
(1 row)

 count 
-------
   179
(1 row)

 count 
-------
   197
(1 row)

 count 
-------
   193
(1 row)

 count 
-------
   206
(1 row)

 count 
-------
   188
(1 row)

 count 
-------
   190
(1 row)

 count 
-------
   177
(1 row)

 count 
-------
   187
(1 row)

 count 
-------
   175
(1 row)

 count 
-------
   215
(1 row)

 count 
-------
   167
(1 row)

 count 
-------
   183
(1 row)

 count 
-------
   196
(1 row)

 count 
-------
   193
(1 row)

 count 
-------
   199
(1 row)

 count 
-------
   185
(1 row)

 count 
-------
   225
(1 row)

 count 
-------
   206
(1 row)

 count 
-------
   211
(1 row)

 count 
-------
   184
(1 row)

 count 
-------
   179
(1 row)

 count 
-------
   176
(1 row)

 count 
-------
   209
(1 row)

 count 
-------
   212
(1 row)

 count 
-------
   197
(1 row)

 count 
-------
   161
(1 row)

 count 
-------
   184
(1 row)

 count 
-------
   200
(1 row)

 count 
-------
   192
(1 row)

 count 
-------
   191
(1 row)

 count 
-------
   185
(1 row)

 count 
-------
   187
(1 row)

 count 
-------
   213
(1 row)

 count 
-------
   178
(1 row)

 count 
-------
   178
(1 row)

 count 
-------
   202
(1 row)

 count 
-------
   190
(1 row)

 count 
-------
   203
(1 row)

 count 
-------
   202
(1 row)

 count 
-------
   175
(1 row)

 count 
-------
   219
(1 row)

 count 
-------
   195
(1 row)

 count 
-------
   187
(1 row)

 count 
-------
   210
(1 row)

 count 
-------
   184
(1 row)

 count 
-------
   200
(1 row)

 count 
-------
   195
(1 row)

 count 
-------
   168
(1 row)

 count 
-------
   221
(1 row)

 count 
-------
   194
(1 row)

 count 
-------
   209
(1 row)

 count 
-------
   205
(1 row)

 count 
-------
   199
(1 row)

 count 
-------
   186
(1 row)

 count 
-------
   187
(1 row)

 count 
-------
   195
(1 row)

 count 
-------
   223
(1 row)

 count 
-------
   214
(1 row)

 count 
-------
   212
(1 row)

 count 
-------
   196
(1 row)

 count 
-------
   220
(1 row)

 count 
-------
   195
(1 row)

 count 
-------
   172
(1 row)

 count 
-------
   203
(1 row)

 count 
-------
   191
(1 row)

 count 
-------
   208
(1 row)

 count 
-------
   197
(1 row)

 count 
-------
   196
(1 row)

 count 
-------
   174
(1 row)

 count 
-------
   208
(1 row)

 count 
-------
   204
(1 row)

 count 
-------
   184
(1 row)

 count 
-------
   204
(1 row)

 count 
-------
   213
(1 row)

 count 
-------
   184
(1 row)

 count 
-------
   197
(1 row)

 count 
-------
   205
(1 row)

 count 
-------
   198
(1 row)

 count 
-------
   225
(1 row)

 count 
-------
   190
(1 row)

 count 
-------
   216
(1 row)

 count 
-------
   192
(1 row)

 count 
-------
   179
(1 row)

 count 
-------
   199
(1 row)

 count 
-------
   210
(1 row)

 count 
-------
   198
(1 row)

 count 
-------
   195
(1 row)

 count 
-------
   189
(1 row)

 count 
-------
   216
(1 row)

 count 
-------
   197
(1 row)

 count 
-------
   183
(1 row)

 count 
-------
   176
(1 row)

 count 
-------
   197
(1 row)

 count 
-------
   171
(1 row)

 count 
-------
   173
(1 row)

 count 
-------
   194
(1 row)

 count 
-------
   188
(1 row)

 count 
-------
   180
(1 row)

 count 
-------
   759
(1 row)

 count 
-------
   718
(1 row)

 count 
-------
   761
(1 row)

 count 
-------
   798
(1 row)

 count 
-------
   786
(1 row)

 count 
-------
   782
(1 row)

 count 
-------
   764
(1 row)

 count 
-------
   823
(1 row)

 count 
-------
   776
(1 row)

 count 
-------
   812
(1 row)

 count 
-------
   778
(1 row)

 count 
-------
   745
(1 row)

 count 
-------
   778
(1 row)

 count 
-------
   740
(1 row)

 count 
-------
   772
(1 row)

 count 
-------
   758
(1 row)

 count 
-------
   748
(1 row)

 count 
-------
   783
(1 row)

 count 
-------
   767
(1 row)

 count 
-------
   748
(1 row)

 count 
-------
   795
(1 row)

 count 
-------
   746
(1 row)

 count 
-------
   801
(1 row)

 count 
-------
   803
(1 row)

 count 
-------
   820
(1 row)

 count 
-------
   785
(1 row)

 count 
-------
   826
(1 row)

 count 
-------
   809
(1 row)

 count 
-------
   792
(1 row)

 count 
-------
   781
(1 row)

 count 
-------
   779
(1 row)

 count 
-------
   779
(1 row)

 count 
-------
   755
(1 row)

 count 
-------
   764
(1 row)

 count 
-------
   770
(1 row)

 count 
-------
   815
(1 row)

 count 
-------
   802
(1 row)

 count 
-------
   838
(1 row)

 count 
-------
   756
(1 row)

 count 
-------
   725
(1 row)

 count 
-------
   811
(1 row)

 count 
-------
   735
(1 row)

 count 
-------
   804
(1 row)

 count 
-------
   824
(1 row)

 count 
-------
   816
(1 row)

 count 
-------
   806
(1 row)

 count 
-------
   754
(1 row)

 count 
-------
   834
(1 row)

 count 
-------
   764
(1 row)

 count 
-------
   807
(1 row)

 count 
-------
   815
(1 row)

 count 
-------
   838
(1 row)

 count 
-------
   824
(1 row)

 count 
-------
   764
(1 row)

 count 
-------
   821
(1 row)

 count 
-------
   755
(1 row)

 count 
-------
   725
(1 row)

 count 
-------
   778
(1 row)

 count 
-------
   769
(1 row)

 count 
-------
   817
(1 row)

 count 
-------
   762
(1 row)

 count 
-------
   743
(1 row)

 count 
-------
   747
(1 row)

 count 
-------
   778
(1 row)

 count 
-------
   716
(1 row)

 count 
-------
   812
(1 row)

 count 
-------
   822
(1 row)

 count 
-------
   803
(1 row)

 count 
-------
   760
(1 row)

 count 
-------
   829
(1 row)

 count 
-------
   756
(1 row)

 count 
-------
   785
(1 row)

 count 
-------
   777
(1 row)

 count 
-------
   789
(1 row)

 count 
-------
   785
(1 row)

 count 
-------
   808
(1 row)

 count 
-------
   741
(1 row)

 count 
-------
   752
(1 row)

 count 
-------
   788
(1 row)

 count 
-------
   725
(1 row)

 count 
-------
   779
(1 row)

 count 
-------
   816
(1 row)

 count 
-------
   801
(1 row)

 count 
-------
   796
(1 row)

 count 
-------
   740
(1 row)

 count 
-------
   753
(1 row)

 count 
-------
   740
(1 row)

 count 
-------
   801
(1 row)

 count 
-------
   746
(1 row)

 count 
-------
   781
(1 row)

 count 
-------
   797
(1 row)

 count 
-------
   802
(1 row)

 count 
-------
   761
(1 row)

 count 
-------
   751
(1 row)

 count 
-------
   782
(1 row)

 count 
-------
   772
(1 row)

 count 
-------
   781
(1 row)

 count 
-------
   790
(1 row)

 count 
-------
   811
(1 row)

 count 
-------
   789
(1 row)

 count 
-------
  3072
(1 row)

 count 
-------
  3110
(1 row)

 count 
-------
  3036
(1 row)

 count 
-------
  3088
(1 row)

 count 
-------
  3250
(1 row)

 count 
-------
  3177
(1 row)

 count 
-------
  3097
(1 row)

 count 
-------
  3111
(1 row)

 count 
-------
  3160
(1 row)

 count 
-------
  3073
(1 row)

 count 
-------
  3124
(1 row)

 count 
-------
  3140
(1 row)

 count 
-------
  3055
(1 row)

 count 
-------
  3144
(1 row)

 count 
-------
  3075
(1 row)

 count 
-------
  3049
(1 row)

 count 
-------
  3021
(1 row)

 count 
-------
  3106
(1 row)

 count 
-------
  3161
(1 row)

 count 
-------
  2992
(1 row)

 count 
-------
  3171
(1 row)

 count 
-------
  3190
(1 row)

 count 
-------
  2983
(1 row)

 count 
-------
  3110
(1 row)

 count 
-------
  3197
(1 row)

 count 
-------
  3184
(1 row)

 count 
-------
  3197
(1 row)

 count 
-------
  3128
(1 row)

 count 
-------
  3146
(1 row)

 count 
-------
  3209
(1 row)

 count 
-------
  3121
(1 row)

 count 
-------
  3169
(1 row)

 count 
-------
  2988
(1 row)

 count 
-------
  3013
(1 row)

 count 
-------
  3164
(1 row)

 count 
-------
  3127
(1 row)

 count 
-------
  3148
(1 row)

 count 
-------
  3163
(1 row)

 count 
-------
  3203
(1 row)

 count 
-------
  3103
(1 row)

 count 
-------
  3140
(1 row)

 count 
-------
  3067
(1 row)

 count 
-------
  3137
(1 row)

 count 
-------
  3112
(1 row)

 count 
-------
  3163
(1 row)

 count 
-------
  2986
(1 row)

 count 
-------
  3112
(1 row)

 count 
-------
  3177
(1 row)

 count 
-------
  3019
(1 row)

 count 
-------
  3084
(1 row)

 count 
-------
  3045
(1 row)

 count 
-------
  3135
(1 row)

 count 
-------
  3193
(1 row)

 count 
-------
  3166
(1 row)

 count 
-------
  3074
(1 row)

 count 
-------
  3135
(1 row)

 count 
-------
  3086
(1 row)

 count 
-------
  3257
(1 row)

 count 
-------
  3113
(1 row)

 count 
-------
  3026
(1 row)

 count 
-------
  3146
(1 row)

 count 
-------
  3183
(1 row)

 count 
-------
  3099
(1 row)

 count 
-------
  3013
(1 row)

 count 
-------
  3250
(1 row)

 count 
-------
  3204
(1 row)

 count 
-------
  3178
(1 row)

 count 
-------
  3169
(1 row)

 count 
-------
  3151
(1 row)

 count 
-------
  3135
(1 row)

 count 
-------
  3095
(1 row)

 count 
-------
  3136
(1 row)

 count 
-------
  3130
(1 row)

 count 
-------
  3261
(1 row)

 count 
-------
  3124
(1 row)

 count 
-------
  3277
(1 row)

 count 
-------
  3114
(1 row)

 count 
-------
  3195
(1 row)

 count 
-------
  3059
(1 row)

 count 
-------
  3128
(1 row)

 count 
-------
  3104
(1 row)

 count 
-------
  3029
(1 row)

 count 
-------
  3261
(1 row)

 count 
-------
  3050
(1 row)

 count 
-------
  3129
(1 row)

 count 
-------
  3208
(1 row)

 count 
-------
  3106
(1 row)

 count 
-------
  3148
(1 row)

 count 
-------
  3232
(1 row)

 count 
-------
  3154
(1 row)

 count 
-------
  3097
(1 row)

 count 
-------
  3104
(1 row)

 count 
-------
  3205
(1 row)

 count 
-------
  3079
(1 row)

 count 
-------
  3080
(1 row)

 count 
-------
  3089
(1 row)

 count 
-------
  3053
(1 row)

 count 
-------
  3165
(1 row)

 count 
-------
  3200
(1 row)

 count 
-------
  3127
(1 row)

 count 
-------
  2715
(1 row)

 count 
-------
  2625
(1 row)

 count 
-------
  2699
(1 row)

 count 
-------
  2602
(1 row)

 count 
-------
  2810
(1 row)

 count 
-------
  2777
(1 row)

 count 
-------
  2798
(1 row)

 count 
-------
  2822
(1 row)

 count 
-------
  2650
(1 row)

 count 
-------
  2684
(1 row)

 count 
-------
  2565
(1 row)

 count 
-------
  2720
(1 row)

 count 
-------
  2659
(1 row)

 count 
-------
  2726
(1 row)

 count 
-------
  2633
(1 row)

 count 
-------
  2734
(1 row)

 count 
-------
  2810
(1 row)

 count 
-------
  2734
(1 row)

 count 
-------
  2767
(1 row)

 count 
-------
  2763
(1 row)

 count 
-------
  2646
(1 row)

 count 
-------
  2600
(1 row)

 count 
-------
  2625
(1 row)

 count 
-------
  2599
(1 row)

 count 
-------
  2745
(1 row)

 count 
-------
  2741
(1 row)

 count 
-------
  2732
(1 row)

 count 
-------
  2728
(1 row)

 count 
-------
  2715
(1 row)

 count 
-------
  2712
(1 row)

 count 
-------
  2730
(1 row)

 count 
-------
  2732
(1 row)

 count  
--------
 116628
(1 row)

 count  
--------
 116518
(1 row)

 count  
--------
 116370
(1 row)

 count  
--------
 116799
(1 row)

 count  
--------
 117118
(1 row)

 count  
--------
 116837
(1 row)

 count  
--------
 117260
(1 row)

 count  
--------
 116851
(1 row)

 count  
--------
 116762
(1 row)

 count  
--------
 116543
(1 row)

 count 
-------
    88
(1 row)

