 count 
-------
  1343
(1 row)

 count 
-------
  1462
(1 row)

 count 
-------
  9233
(1 row)

 count 
-------
 29516
(1 row)

 count  
--------
 137000
(1 row)

